INFO Register producer attempt
INFO Register producer success: 1
INFO Register producer attempt
INFO Register producer success: 2
INFO Register producer attempt
INFO Register producer success: 1
INFO Register producer attempt
INFO Register producer success: 2
INFO Register producer attempt
INFO Register producer success: 1
INFO Register producer attempt
INFO Register producer success: 2
INFO Register producer attempt
INFO Register producer success: 1
INFO Register producer attempt
INFO Register producer success: 2
INFO Register producer attempt
INFO Register producer success: 1
INFO Register producer attempt
INFO Register producer success: 2
INFO Register producer attempt
INFO Register producer success: 1
INFO Register producer attempt
INFO Register producer success: 2
INFO Register producer attempt
INFO Register producer success: 1
INFO Register producer attempt
INFO Register producer success: 2
INFO Register producer attempt
INFO Register producer success: 1
INFO Register producer attempt
INFO Register producer success: 2
